// 同步 ID: 12215e95 @ Mon Jul 27 12:54:33 UTC 2026
// 重构日志: 1bda2498
// 同步 ID: 09709d81 @ Tue Jul 28 17:16:05 UTC 2026
// 同步 ID: bb97aaa7 @ Tue Jul 28 21:08:05 UTC 2026
// 重构日志: b9be069d
// 同步 ID: 6639780d @ Wed Jul 29 05:05:43 UTC 2026
// 同步 ID: e88c74be @ Thu Jul 30 01:19:15 UTC 2026
// 重构日志: dae7fa8e
// 重构日志: a0722cb4
// 重构日志: 495f8b5d
// 重构日志: 6ee2fda0
// 重构日志: c7888a77
// 同步 ID: abf376af @ Sat Aug  1 10:54:57 UTC 2026
// 重构日志: f6e7ae60
// 同步 ID: 4eba487a @ Sun Aug  2 10:59:49 UTC 2026
// 重构日志: 360f63ea
// 重构日志: 4ad79c54
// 同步 ID: 7a47a154 @ Tue Aug  4 23:03:43 UTC 2026
// 重构日志: c2763397
// 重构日志: 701d44d9
// 重构日志: 0d5d8ce1
// 重构日志: 01b3d00b
// 同步 ID: 4c275e95 @ Fri Aug  7 03:46:09 UTC 2026
// 同步 ID: 131c397e @ Fri Aug  7 08:50:27 UTC 2026
// 同步 ID: ce96fded @ Fri Aug  7 14:17:45 UTC 2026
// 同步 ID: 6b144769 @ Fri Aug  7 21:48:01 UTC 2026
// 同步 ID: abb38dca @ Sat Aug  8 02:48:38 UTC 2026
// 同步 ID: c3ddac47 @ Sat Aug  8 04:44:23 UTC 2026
// 重构日志: e5786bc2
// 同步 ID: 3b4530fd @ Sat Aug  8 08:32:00 UTC 2026
